

 161.120.1.194  - usename:VFANNEX2,password:changeit
 161.120.2.105  - usename:VFANNEX2,password:changeit
 161.120.2.137  - usename:VFANNEX2,password:changeit
 161.120.2.141  - usename:VFANNEX2,password:changeit
 161.120.2.146  - usename:VFANNEX2,password:changeit
 161.120.2.153  - usename:VFANNEX2,password:changeit
 161.120.2.186  - password:changeit,enable:changeit
 161.120.2.193  - usename:VFANNEX2,password:changeit
 161.120.2.197  - usename:VFANNEX2,password:changeit
 161.120.2.201  - usename:VFANNEX2,password:changeit
 161.120.2.205  - usename:VFANNEX2,password:changeit
 161.120.2.206  - password:changeit,enable:changeit
 161.120.2.238  - password:changeit,enable:changeit



 161.120.30.250 - password:cisco,enable:cisco
 161.120.31.190 - password:changeit,enable:changeit
 161.120.32.1   - usename:VFANNEX2,password:changeit
 161.120.32.13  - usename:VFANNEX2,password:changeit
 161.120.32.17  - usename:VFANNEX2,password:changeit
 161.120.32.41  - usename:VFANNEX2,password:changeit
 161.120.32.129 - usename:VFANNEX2,password:changeit
