161.120.36.114   ctvf6000             # RS-6000 in Valley Forge
161.120.255.34   Akron                # Sync line to Wayne
161.120.24.146   Amherst              # Sync line to Niagara Falls
161.120.7.2      Anaheim              # Sync line to frame-relay
161.120.7.50     Arden                # PVC to Worcester
161.120.128.34   Athens               # Sync line to Valley Forge
161.120.160.66   Avery                # Sync line to Valley Forge
161.120.7.3      Baton_Rouge          # Sync line to frame-relay
161.120.255.98   Beaverton            # PVC to Wayne
161.120.32.18    BlueBell             # Sync line to Valley Forge
161.120.2.97     Brownsvl             # Sync line to Worcester
161.120.7.4      Bryan                # Sync line to frame-relay
161.120.16.66    Bryan_Annex          # Sync line to Bryan
161.120.176.50   Buffalo              # PVC to Valley Forge
161.120.16.82    Canal_Fulton         # Sync line to Stow
161.120.24.50    Chippawa             # Sync line to Worcester
161.120.128.66   Chowchilla           # Sync line to Valley Forge
161.120.192.10   Clinton              # Sync line to Dallas
161.120.7.6      Daisy                # Sync line to frame-relay
161.120.4.34     Dallas               # PVC to Valley Forge
161.120.255.50   Elk_Grove            # PVC to Wayne
161.120.2.49     Fullerton            # Sync line to Worcester
161.120.7.130    Gainesvl             # PVC to Worcester
161.120.255.66   Granvl               # PVC to Wayne
161.120.184.34   Grinnel              # Sync line to Dallas
161.120.32.50    Haggerstown          # Sync line to Valley Forge
161.120.2.145    Hamilton             # Sync line to Worcester
161.120.2.210    Highpoint            # PVC to Worcester
161.120.24.66    Huntsville           # PVC to Worcester
161.120.7.5      Houston              # Sync line to frame-relay
161.120.184.50   Jackson_Cust_Srv     # Sync line to Jackson
161.120.3.18     Jackson_Plant        # Sync line to Valley Forge
161.120.184.66   Jackson_Tech_Ctr     # Sync line to Jackson
161.120.128.50   Kansas_City          # Sync line to Valley Forge
161.120.24.162   Keasbey              # PVC to Worcester
161.120.191.126  Lake_Charles         # Sync line to Valley Forge
161.120.64.49    Littleton            # Sync line to Worcester
161.120.184.18   Livonia              # Sync line to Valley Forge
161.120.176.18   McPherson            # Sync line to Valley Forge
161.120.24.33    Meadowbrook          # Sync line to Milford
161.120.48.18    Milford_BFG          # PVC to Muncie
161.120.24.17    Milford_SGAM         # Sync line to Worcester
161.120.128.18   Mountaintop          # Sync line to Valley Forge
161.120.7.18     Muncie               # PVC to Worcester
161.120.32.114   Nesquehoning         # PVC to Valley Forge
161.120.25.254   Niagara_Falls        # Ethernet in Niagara Falls
161.120.64.33    Northboro            # Sync line to Worcester
161.120.7.34     Ontario              # PVC to Worcester
161.120.160.34   Oxford               # Sync line to Valley Forge
161.120.192.34   Peoria               # Sync line to Dallas
161.120.2.65     Plattsvl             # Sync line to Worcester
161.120.16.34    Ravenna_CPPD         # Sync line to Stow
161.120.255.82   Ravenna_PPL          # PVC to Wayne
161.120.2.177    Reynosa              # Sync line to Worcester
161.120.24.98    Sanborn              # Sync line to Niagara Falls
161.120.160.18   Shakopee             # Sync line to Valley Forge
161.120.176.66   Social_Circle        # Sync line to Valley Forge
161.120.2.81     Stephenvl            # Sync line to Worcester
161.120.7.1      Stow                 # Sync line to frame-relay
161.120.16.50    Tallmadge            # Sync line to Stow
161.120.2.34     Travelers_Rest       # PVC to Worcester
161.120.80.17    Troy                 # Sync line to Worcester
161.120.7.82     Valley_Forge         # PVC to Worcester
161.120.3.34     Valley_Forge_Annex   # Sync line to Valley Forge
161.120.176.34   Waco                 # Sync line to Valley Forge
161.120.5.18     Wichita_Falls        # Sync line to Valley Forge
161.120.213.18   Wichita_Falls_CDC    # Sync line to Wichita Falls
161.120.7.66     Warren               # PVC to Worcester
161.120.255.17   Wayne                # PVC to Worcester
161.120.80.34    Wheatfield(Carbo)    # Sync line to Worcester
161.120.24.82    Wheatfield(SGAM)     # Sync line to Worcester
161.120.184.98   Wixom                # PVC to Valley Forge
161.120.79.254   Worc_Ceramics_E      # Ethernet - Worcester Ceramics
161.120.71.254   Worc_Abrasives_E     # Ethernet - Worcester Abrasives
161.120.72.126   Worc_Abrasives_TR    # Token-ring - Worcester
161.120.71.3     CSU_WorcFR           # CSU on Worcester ATT Frame Relay
161.120.26.253   CSU_Milford          # CSU on Milford to Meadowbrook circuit
161.120.27.125   CSU_Meadowbrook      # CSU on Meadowbrook to Milford circuit
