
                            Cisco Phones List.

                                    out  country  áity code  phone number
     from USA example            :   9      1        770        7733687
     from other countrys example :  810     1        770        7733687


                      9,1 770 773-3687 - Adairsville
                      9,1 612 703-5652 - Bloomington_Williams
                      9,1 941 746-1260 - Bradenton Plant
                      9,1 941 746-3277 - Bradenton Whse
                      9,1 732 969-3856 - Carteret
                      9,1 314 727-5571 - clayton
                      9,1 740 369-7354 - delaware
                      9,1 708 201-3178 - dolton
                      9,1 707 863-4020 - fairfile
                      9,1 970 493-3058 - ft_colli
                      9,1 610 662-8806 - heye_mar
                      9,1 217 732-7565 - lincoln
                      9,1 209 365-7321 - lodi_vaz
                      9,1 209 675-4785 - madera
                      9,1 610 668-1290 - marion
                      9,1 213 771-5906 - maywood
                      9,1 609 825-1520 - millvill
                      9,1 610 741-7037 - muncie
                      9,1 630 574-0394 - oakbrook_terrace
                      9,1 314 479-7822 - pevely
                      9,1 318 247-5253 - ruston
                      9,1 918 227-5810 - sapulpa
                      9,1 206 768-6299 - seattle
                      9,1 818 997-6012 - van_nuys
                      9,1 724 222-1268 - washington
                      9,1 972 923-4547 - waxahachi
                      9,1 252 291-5764 - wilson

          No prefix phones list now (but prefix need of course)

                       610 688-6728 - RTR_VALL
                       610 2666141  - allen town
                       314 727-5470 - Clayton
                       610 566-1507 - County Of Delaware (user: Delco)
                       626 279-3270 - El_Motny
                       610 296-3247 - ISDN.ht
                       508 482-0183 - Milford_bfg
                       610 266-6712 - allentown_cisco
                       704 654-7347 - arden
                       706 613-0645 - athens
                       253 373-0326 - auburn
                       419 499-0037 - avery cisco
                       630 595-4594 - benseville
                       440 349-6960,,,,,,,6 623 - bicron solon cisco
                       215 643-6973 - blue-bell cisco
                       908 218-9201 - bridge water
                       215 781-9459 - bristol
                       409 822-4814 - bryan
                       843 566-9377 - charleston
                       209 665-4831,,,,398 - show_2400
                       559 665-0688 - chow chilla
                       314 727-5470 - clayton
                       319 243-3783 - clinton
                       770 385-3846 - covington
                       214 689-2038 - dallas (username:ixm6226)
                       765 213-3137 - deltec
                       502 735-9246 - eliza bethowen
                       947 439-9423 - elk_grove
                       972 875-9665 - ennis cisco
                       940 689-3699 - firewall vetro
                       714 772-5152 - fullerton
                       714 774-4389 - fullerton cisco
                       870 356-3030 - glenwood cisco
                       518 642-3872 - granville (username:ixm6226)
                       515 236-4140 - grinnell
                       301 223-6535 - hagerstown
                       219 937-3926 - hammond cisco
                       336 889-3787 - hi point
                       713 627-1078 - houston cisco
                       517 796-2652 - Jackson Plant
                       913 342-2803 - Kansas City
                       318 882-1488 - Lake Charles
                       941 666-5701 - Lake Land
                       501 324-2593 - Little Rock cisco
                       603 444-3360 - LittleTon cisco
                       925 961-9118 - Liver more sales cisco
                       925 456-7815 - Liver more whse cisco
                       209 365-7414 - Lody bfg
                       209 367-0610 - Lody Pipe
                       316 245-0401 - mspherson_Pipe
                       316 245-0311 - mspherson_Vinly
                       609 825-2848 - millvile
                       717 403-0421 - mointaintop
                       765 741-0737 - muncie (username:ixm6226)
                       570 645-5516 - nesquehoning
                       740 342-2459 - New Lensington Cisco
                       740 342-2459 - New Lensington
                       716 278-2505 - Niagara
                       781 278-0161 - Norwood cisco
                       630 573-0394 - OakBrook
                       919 603-5536 - Oxford
                       770 487-6121 - Peachtree cisco
                       309 692-9345 - Peyoria
                       714 985-4906 - Placentia
                       519 684-7520 - Plattsville
                       814 642-3203 - Port Allengangu
                       916 638-4870 - Rancho Cordova
                       330 296-6823 - Ravenna
                       610 374-8275 - Reading
                       610 375-8275 - Reading Cisco
                       336 696-2243 - Roaring River Cisco
                       815 372-9942 - RomeOville
                       714 557-6074 - Santa Ana
                       612 445-3224 - Shakopee Cisco
                       318 222-4077 - Shreveport Cisco
                       770 464-3958 - Social Circle
                       770 464-3060 - Social Circle Pipe
                       440 349-6960,,,,,,,6623 - Solon Cisco
                       562 806-7500 - SouchGate Cisco
                       973 300-0759 - Sparta
                       330 677-3615 - Stow
                       330 633-2545 - Tallmage
                       508 880-3479 - Taunton
                       704 834-7285 - Travel Rest
                       610 688-6728 - Valley Forge
                       610 902-0631 - Vf RPG Cisco
                       810 759-6143 - Warren Cisco
                       972 923-4543 - Waxahachie
                       201 696-3847 - Wayne
                       973 686-1981 - Wayne Cisco
                       716 731-1694 - Wheat Field Abr Cisco
                       541 826-5926 - White City Cisco
                       310 518-0455 - WillMington cisco
                       310 518-1448 - WillMington cisco
                       941 294-8869 - Winter Haven
                       863 292-0097 - Winter Haven RPG Cisco
                       508 795-4038 - Worcester
                       314 664-7205 - Sy_Louis_stitch
                       916 638-4871 - test
                       610 566-1507 - test delco
                       847 262-6000 - Usr Robotics BBS ;)
                       724 222-1278 - Washington Ross