Internet Users Ring 1 (Main):


USER                        IP ADDRESS      MAC ADDRESS          DNS Name

Mike Crump                  162.18.195.1    10-00-5a-fa-30-e2    mcrump

lanview????                 162.18.195.2                         lanview

Citrix Server               162.18.195.3                         glcitrix

Nathan Buckley              162.18.195.4    00-04-ac-96-41-db    nbuckley

Danny Stephens              162.18.195.5    10-00-5a-fa-36-f6    dstephen

Doug Fish                   162.18.195.6    00-04-ac-96-41-dc    dfish

Jim Slatter                 162.18.195.7    00-04-ac-77-91-2f    jslatter

Tony Brewer                 162.18.195.8    00-04-ac-96-41-c6    tbrewer

BFNotes1 Server             162.18.195.9                         bfnotes1

BFDomino1 Server            162.18.195.10   08-00-5a-56-53-8b    bfnt1

Neil Kuhlman                162.18.195.11   00-04-ac-54-19-dd    nkuhlman

Nathan Buckley #2           162.18.195.12   00-55-00-81-55-ce    nbuckley2

Pete Walters                162.18.195.13   10-00-5a-a4-2e-1c    pwalters

Alan Vicstein               162.18.195.17   10-00-5a-fa-36-f6    avicstein

Tom Kinghorn                162.18.195.58   08-00-5a-56-53-6a    tkinghorn

Francois Longin             162.18.195.59   00-04-ac-54-40-21    flongin

Gene Boros                  162.18.195.64   08-00-5a-56-f5-04    gboros

Backup Server               162.18.195.65   00-04-ac-fc-d7-f9    bfbackup1

Deb Pugsley                 162.18.195.66   00-04-ac-f3-a0-89    dpugsley

BFCD1 Server                162.18.195.67   10-00-5a-db-ce-46    bfcd1

Watcher System (Nathan)     162.18.195.68

Les Reynolds                162.18.195.69   00-04-ac-54-48-20    lreynold

Dennis Duwel                162.18.195.70   00-04-ac-77-5b-0d    dduwel

Steve Rhea                  162.18.195.71   00-04-ac-b8-07-86    srhea



Internet Users Ring 2 (Engineering):

Ron Flack                   162.18.196.1    00-04-ac-94-d9-c2    rflack

Joel Patrick                162.18.196.2    00-04-ac-f3-c3-84    jpatrick

Marilyn     LaGrange        162.18.196.3    ?                    mlagrange

Steve Watson                162.18.196.4    08-00-5a-48-86-a9    swatson

Kevin Shipley               162.18.196.5    10-00-5a-da-4e-87    kshipley

Darrell Wineman             162.18.196.6                        dwineman

BFSERVER1                   162.18.196.7                        bfserver1

Loren Rusher                162.18.196.8    00-04-ac-57-df-02   lrusher

Ron Fine                    162.18.196.9    00-04-ac-57-d8-99   rfine

Phil Spencer                162.18.196.10   00-04-ac-57-df-20   pspencer



Internet Users Ring 3 (New):

Mick Eib                    162.18.190.1    00-04-ac-55-92-12   meib

BFNOTES2                    162.18.190.2                        bfnotes2



Ball Corp DNS Servers:

Hope (High Street)          162.18.194.185                      hope

Saturn (Colorado)           162.18.75.8                         saturn



Ball-Foster Other Internet Addresses:

BIMUNCIE AS/400             162.18.195.55   40-00-00-16-94-06   bimuncie

COBRA AS/400                162.18.195.56   40-00-00-11-19-d1   cobra

SABRE AS/400 (High Street)  162.18.195.57   40-00-00-01-fd      sabret

Sniffer                     162.18.195.123                      msniffer

HSTRXI                      162.18.195.124                      hstrxi

Hub A                       162.18.195.125                      michuba

Hub C                       162.18.196.122                      michubc

Hub D                       162.18.196.123                      michubd

Hub E                       162.18.196.124                      michube

Hub B                       162.18.196.125                      michubb

HP1                         111.75.35.1                         ffmihp1

HP2                         111.75.36.2                         ffmihp2



Default Gateway             162.18.xxx.126
